Build errors from "2024-10-08 08:55:02"
Found invalid reference "6548d76264fa42f41dc93c7c28351265b58b49c3" in file "split-repositories"